Rachunek dla BigCoHamlet: 650,00 zł (liczba miejsc: 55
Jak wam sie podoba: 580,00 zł (liczba miejsc: 35
Otello: 500,00 zł (liczba miejsc: 40
Naleznosc: 1 730,00 zł
Punkty promocyjne: 47